 Header Title                                                                   
 ╭────────────────────────────────────────────────────────────────────────────╮ 
 │ Sample body line 1                                                         │ 
 │ Sample body line 2                                                         │ 
 │                                                                            │ 
 │                                                                            │ 
 │                                                                            │ 
 │                                                                            │ 
 │                                                                            │ 
 │                                                                            │ 
 │                                                                            │ 
 │                                                                            │ 
 │                                                                            │ 
 │                                                                            │ 
 │                                                                            │ 
 │                                                                            │ 
 │                                                                            │ 
 ╰────────────────────────────────────────────────────────────────────────────╯ 
 Status footer                                                                  