                                                    
 ╭────────────────────────────────────────────────╮ 
 │                                                │ 
 │       Actions on Rollout/payments/checkout     │ 
 │                                                │ 
 │  ▸ promote                                     │ 
 │    abort                                       │ 
 │                                                │ 
 │       ↑/↓ select • Enter run • Esc cancel      │ 
 │                                                │ 
 │    Error: rpc error: code = PermissionDenied   │ 
 │                                                │ 
 ╰────────────────────────────────────────────────╯ 
                                                    