                                                    
 ╭────────────────────────────────────────────────╮ 
 │                                                │ 
 │                 Sync demo-app?                 │ 
 │                                                │ 
 │    p  Prune     On  removes extras             │ 
 │    w  Watch     On                             │ 
 │                                                │ 
 │               Sync        Cancel               │ 
 │                                                │ 
 ╰────────────────────────────────────────────────╯ 
                                                    