                                                    
 ╭────────────────────────────────────────────────╮ 
 │                                                │ 
 │       Actions on Rollout/payments/checkout     │ 
 │                                                │ 
 │       abort      promote      promote-full     │ 
 │                restart      retry              │ 
 │                                                │ 
 │                   filter: pr                   │ 
 │                                                │ 
 │         ←→ select • Enter run • Esc exit       │ 
 │                                                │ 
 ╰────────────────────────────────────────────────╯ 
                                                    