                                                    
 ╭────────────────────────────────────────────────╮ 
 │                                                │ 
 │                 Sync demo-app?                 │ 
 │                                                │ 
 │    p  Prune     Off                            │ 
 │    f  Force     Off                            │ 
 │    d  Dry run   Off                            │ 
 │    w  Watch     On                             │ 
 │                                                │ 
 │               Sync        Cancel               │ 
 │                                                │ 
 ╰────────────────────────────────────────────────╯ 
                                                    