                                                    
 ╭────────────────────────────────────────────────╮ 
 │                                                │ 
 │       Actions on Rollout/payments/checkout     │ 
 │                                                │ 
 │       abort      promote      promote-full     │ 
 │                restart      retry              │ 
 │                                                │ 
 │         / filter • ←→ select • Enter run       │ 
 │                                                │ 
 ╰────────────────────────────────────────────────╯ 
                                                    