 ╭────────────────────────────────────────────────────────────────────────────────────────────────╮ 
 │                                                                                                │ 
 │ GENERAL      : command • / search • ? help                                                     │ 
 │                                                                                                │ 
 │ NAVIGATION   j/k up/down •  Space  select •  Enter  drill down •  Esc  clear/up                │ 
 │               PgUp / PgDn  page up/down                                                        │ 
 │                                                                                                │ 
 │ VIEWS        :cls|:clusters • :ns|:namespaces • :proj|:projects • :apps                        │ 
 │              :appsets|:applicationsets • :theme • :logs                                        │ 
 │                                                                                                │ 
 │ APPS VIEW     s  sync •  R  rollback •  r  resources •  d  diff •  Ctrl+D  delete              │ 
 │              :diff [app] • :sync [app] • :rollback [app] • :delete [app]                       │ 
 │              :refresh [app] • :refresh! [app] (hard) • :sort health|sync asc|desc              │ 
 │              :resources [app] • :up • :all                                                     │ 
 │                                                                                                │ 
 │ TREE VIEW    / filter • n/N next/prev match •  d  diff • K open in k9s                         │ 
 │               Space  select •  s  sync •  Ctrl+D  delete • :refresh|:refresh! • :up            │ 
 │                                                                                                │ 
 │ COMMANDS     :q (to exit, google how to exit vim)                                              │ 
 │                                                                                                │ 
 │ Press ?, q or Esc to close                                                                     │ 
 │                                                                                                │ 
 │                                                                                                │ 
 │                                                                                                │ 
 │                                                                                                │ 
 │                                                                                                │ 
 │                                                                                                │ 
 │                                                                                                │ 
 ╰────────────────────────────────────────────────────────────────────────────────────────────────╯ 
 <clusters>                                                                             Ready • 0/0 