                                                    
 ╭────────────────────────────────────────────────╮ 
 │                                                │ 
 │    Terminate the running sync of demo-app?     │ 
 │                                                │ 
 │             Terminate      Cancel              │ 
 │                                                │ 
 │    Error: Unable to terminate operation. No    │ 
 │            operation is in progress            │ 
 │                                                │ 
 ╰────────────────────────────────────────────────╯ 
                                                    