                                                    
 ╭────────────────────────────────────────────────╮ 
 │                                                │ 
 │                Delete my-service?              │ 
 │                                                │ 
 │                      Delete                    │ 
 │                                                │ 
 │      c: Cascade On (all resources deleted)     │ 
 │                                                │ 
 ╰────────────────────────────────────────────────╯ 
                                                    