                                                    
 ╭────────────────────────────────────────────────╮ 
 │                                                │ 
 │       Actions on Rollout/payments/checkout     │ 
 │                                                │ 
 │       abort      promote      promote-full     │ 
 │                restart      retry              │ 
 │                                                │ 
 │                  type to filter                │ 
 │                                                │ 
 │        ←→ select • Enter run • Esc cancel      │ 
 │                                                │ 
 ╰────────────────────────────────────────────────╯ 
                                                    