                                                                                                    
  Argonaut dev                                                                                      
                                                                                                    
 Context: argo.example.com                                                                          
                                                                                                    
 ╭────────────────────────────────────────────────────────────────────────────────────────────────╮ 
 │ Application: demo-app                                                                          │ 
 │ Current: cafebabe                                                                              │ 
 │ Rollback to: a1b2c3d4                                                                          │ 
 │ Author: Jane Doe                                                                               │ 
 │ Message: Refactor and optimize                                                                 │ 
 │                                                                                                │ 
 │                                                                                                │ 
 │                                                                                                │ 
 │                                                                                                │ 
 │                                                                                                │ 
 │                                                                                                │ 
 │                                                                                                │ 
 │                                                                                                │ 
 │                                                                                                │ 
 │                                                                                                │ 
 │                                                                                                │ 
 │                                        Confirm Rollback                                        │ 
 │                                                                                                │ 
 │                                 [p] Prune: No   [w] Watch: No                                  │ 
 │                                                                                                │ 
 │                                         Yes        No                                          │ 
 │                                                                                                │ 
 ╰────────────────────────────────────────────────────────────────────────────────────────────────╯ 
 <clusters>                                                                             Ready • 0/0 
                                                                                                    