 Context: argo.example.com                                                           Argonaut dev   
                                                                                                    
 ╭────────────────────────────────────────────────────────────────────────────────────────────────╮ 
 │ ↺ ROLLBACK                                                                            demo-app │ 
 │ ────────────────────────────────────────────────────────────────────────────────────────────── │ 
 │ Current Revision: cafebabe (deployed Jul 01 12:34)                                             │ 
 │                                                                                                │ 
 │ ───────────────────────────── Select revision to rollback to ─────────────────────────────     │ 
 │                                                                                                │ 
 │   #     │ REVISION   │ DEPLOYED       │ AUTHOR       │ MESSAGE                                 │ 
 │   ──────┼────────────┼────────────────┼──────────────┼──────────────────────────────────────── │ 
 │ ▸ 30    │ a1b2c3d4   │ Jul 01 12:34   │ Jane Doe     │ Refactor and optimize                   │ 
 │   29    │ 11223344   │ Jul 01 12:34   │              │ (loading...)                            │ 
 │   28    │ deadbeef   │                │              │ (loading...)                            │ 
 │                                                                                                │ 
 │ ────────────────────────────────────────────────────────────────────────────────────────────── │ 
 │ Selected: a1b2c3d4 by Jane Doe                                                                 │ 
 │   "Refactor and optimize"                                                                      │ 
 │                                                                                                │ 
 │                                                                                                │ 
 │                                                                                                │ 
 │                                                                                                │ 
 │                                                                                                │ 
 │                                                                                                │ 
 │                                                                                                │ 
 │                                                                                                │ 
 │                                                                                                │ 
 │                                                                                                │ 
 │ ────────────────────────────────────────────────────────────────────────────────────────────── │ 
 │ j/k: Navigate   Enter: Select   d: Diff   Esc: Cancel                                          │ 
 ╰────────────────────────────────────────────────────────────────────────────────────────────────╯ 
 <clusters>                                                                             Ready • 0/0 