 Context: argo.example.com                                                           Argonaut dev   
                                                                                                    
 ╭────────────────────────────────────────────────────────────────────────────────────────────────╮ 
 │ ⚠ CONFIRM ROLLBACK                                                                    demo-app │ 
 │ ────────────────────────────────────────────────────────────────────────────────────────────── │ 
 │ ┌─ CURRENT (will be replaced) ───────────────────────────────────────┐                         │ 
 │ │                                                                    │                         │ 
 │ │  Revision: cafebabe                                                │                         │ 
 │ │  Deployed: Jul 01 12:34                                            │                         │ 
 │ │                                                                    │                         │ 
 │ └────────────────────────────────────────────────────────────────────┘                         │ 
 │                                   ↓                                                            │ 
 │ ┌─ ROLLBACK TO ──────────────────────────────────────────────────────┐                         │ 
 │ │                                                                    │                         │ 
 │ │  Revision: a1b2c3d4                                                │                         │ 
 │ │  Author:   Jane Doe                                                │                         │ 
 │ │  Deployed: Jul 01 12:34                                            │                         │ 
 │ │  Message:  "Refactor and optimize"                                 │                         │ 
 │ │                                                                    │                         │ 
 │ └────────────────────────────────────────────────────────────────────┘                         │ 
 │                                                                                                │ 
 │ ────────────────────────────── Options ───────────────────────────────                         │ 
 │                                                                                                │ 
 │   [p] Prune resources: No      [w] Watch after rollback: No                                    │ 
 │                                                                                                │ 
 │                                                                                                │ 
 │                                                                                                │ 
 │                                                                                                │ 
 │ ────────────────────────────────────────────────────────────────────────────────────────────── │ 
 │                                         Yes        No                                          │ 
 ╰────────────────────────────────────────────────────────────────────────────────────────────────╯ 
 <clusters>                                                                             Ready • 0/0 