                                                    
 ╭────────────────────────────────────────────────╮ 
 │                                                │ 
 │                 Delete test-app?               │ 
 │                                                │ 
 │                    Delete (y)                  │ 
 │                                                │ 
 │      c: Cascade On (all resources deleted)     │ 
 │     p: Policy foreground (wait for cleanup)    │ 
 │                                                │ 
 ╰────────────────────────────────────────────────╯ 
                                                    