                                                    
 ╭────────────────────────────────────────────────╮ 
 │                                                │ 
 │       Actions on Rollout/payments/checkout     │ 
 │                                                │ 
 │                abort      promote              │ 
 │                                                │ 
 │                  type to filter                │ 
 │                                                │ 
 │        ←→ select • Enter run • Esc cancel      │ 
 │                                                │ 
 │    Error: rpc error: code = PermissionDenied   │ 
 │                                                │ 
 ╰────────────────────────────────────────────────╯ 
                                                    