                                                    
 ╭────────────────────────────────────────────────╮ 
 │                                                │ 
 │       Actions on Rollout/payments/checkout     │ 
 │                                                │ 
 │                abort      promote              │ 
 │                                                │ 
 │         / filter • ←→ select • Enter run       │ 
 │                                                │ 
 │    Error: rpc error: code = PermissionDenied   │ 
 │                                                │ 
 ╰────────────────────────────────────────────────╯ 
                                                    