                                                    
 ╭────────────────────────────────────────────────╮ 
 │                                                │ 
 │   Force sync deletes and recreates resources   │ 
 │                  in demo-app.                  │ 
 │                                                │ 
 │             Force sync      Cancel             │ 
 │                                                │ 
 ╰────────────────────────────────────────────────╯ 
                                                    