                                                    
 ╭────────────────────────────────────────────────╮ 
 │                                                │ 
 │    Terminate the running sync of demo-app?     │ 
 │                                                │ 
 │             Terminate      Cancel              │ 
 │                                                │ 
 ╰────────────────────────────────────────────────╯ 
                                                    