                                          
 ╭──────────────────────────────────────╮ 
 │                                      │ 
 │        Delete non-cascade-app?       │ 
 │                                      │ 
 │               Delete (y)             │ 
 │                                      │ 
 │  c: Cascade Off (resources           │ 
 │  orphaned)                           │ 
 │                                      │ 
 ╰──────────────────────────────────────╯ 
                                          