                                                    
 ╭────────────────────────────────────────────────╮ 
 │                                                │ 
 │                 Sync demo-app?                 │ 
 │                                                │ 
 │               Yes        Cancel                │ 
 │                                                │ 
 │    p  Prune     Off                            │ 
 │    w  Watch     On                             │ 
 │                                                │ 
 ╰────────────────────────────────────────────────╯ 
                                                    