 ╭────────────────────────────────────────────────────────────────────────────────────────────────╮ 
 │                                                                                                │ 
 │ GENERAL      : command • / search • ? help                                                     │ 
 │                                                                                                │ 
 │ NAVIGATION   j/k up/down •  Space  select •  Enter  drill down •  Esc  clear/up                │ 
 │               PgUp / PgDn  page up/down                                                        │ 
 │                                                                                                │ 
 │ VIEWS        :cls|:clusters • :ns|:namespaces • :proj|:projects • :apps                        │ 
 │              :appsets|:applicationsets • :theme • :logs                                        │ 
 │                                                                                                │ 
 │ APPS VIEW     s  sync •  R  rollback •  r  resources •  d  diff •  Ctrl+D  delete              │ 
 │              :diff [app] • :sync [app] • :rollback [app] • :delete [app]                       │ 
 │              :resources [app] • :sort health|sync asc|desc • :up • :all                        │ 
 │                                                                                                │ 
 │ TREE VIEW    / filter • n/N next/prev match • K open in k9s                                    │ 
 │                                                                                                │ 
 │ COMMANDS     :q (to exit, google how to exit vim)                                              │ 
 │                                                                                                │ 
 │ Press ?, q or Esc to close                                                                     │ 
 │                                                                                                │ 
 │                                                                                                │ 
 │                                                                                                │ 
 │                                                                                                │ 
 │                                                                                                │ 
 │                                                                                                │ 
 │                                                                                                │ 
 │                                                                                                │ 
 │                                                                                                │ 
 ╰────────────────────────────────────────────────────────────────────────────────────────────────╯ 
 <clusters>                                                                             Ready • 0/0 