╭─ Sync Status · demo-app ───────────────────────╮
│                                                │
│ This application has never been synced.        │
│                                                │
│                                                │
│                                                │
│                                                │
│                                                │
│                                                │
│                                                │
╰────────────────────────────────────────────────╯