╭─ Events · Application demo-app ────────────────╮
│                                                │
│ Loading events…                                │
│                                                │
│                                                │
│                                                │
│                                                │
│                                                │
│                                                │
│                                                │
╰────────────────────────────────────────────────╯

╭─ Events · Application demo-app ────────────────╮
│                                                │
│ No events.                                     │
│                                                │
│                                                │
│                                                │
│                                                │
│                                                │
│                                                │
│                                                │
╰────────────────────────────────────────────────╯

╭─ Events · Application demo-app ────────────────╮
│                                                │
│ connection refused: dial tcp 10.0.0.1:443      │
│                                                │
│                                                │
│                                                │
│                                                │
│                                                │
│                                                │
│                                                │
╰────────────────────────────────────────────────╯