 Context: argo.example.com                                                           Argonaut dev   
 ╭──────────────────────────────────────────────╮╭─ Pod web-6f7d9b-x4k2m ───── ⟳ updated 12s ago ─╮ 
 │ Application [demo-app] (Degraded, Synced)    ││                                                │ 
 │ ├── Deployment [demo/web] (Degraded)         ││ Health        Degraded                         │ 
 │ │   └── Pod [demo/web-6f7d9b-x4k2m] (Degrad… ││ Sync          OutOfSync                        │ 
 │ └── Service [demo/web] (Healthy)             ││ Age           3d                               │ 
 │                                              ││ Message       containers with unready status:  │ 
 │                                              ││               [web]                            │ 
 │                                              ││ Last sync     SyncFailed                       │ 
 │                                              ││   pod spec invalid                             │ 
 │                                              ││                                                │ 
 │                                              ││ EVENTS                                         │ 
 │                                              ││ BackOff                          x412 · 2m ago │ 
 │                                              ││   Back-off restarting failed container web in  │ 
 │                                              ││   pod web-6f7d9b-x4k2m_demo(a1b2c3d)           │ 
 │                                              ││                                                │ 
 │                                              ││ Pulled                           x413 · 2m ago │ 
 │                                              ││   Container image "web:1.4.2" already present  │ 
 │                                              ││   on machine                                   │ 
 │                                              ││                                                │ 
 │                                              ││ Unhealthy                         x38 · 5m ago │ 
 ╰──────────────────────────────────────────────╯╰───────────────────────────────── ▼ more below ─╯ 
 <tree>                                                          ⇧↑/⇧↓: scroll events • Ready • 1/4 