╭─ Pod web-6f7d9b-x4k2m ─────────────────────────╮
│                                                │
│ Loading events…                                │
│                                                │
│                                                │
│                                                │
│                                                │
│                                                │
│                                                │
│                                                │
╰────────────────────────────────────────────────╯

╭─ Pod web-6f7d9b-x4k2m ─────────────────────────╮
│                                                │
│ No events.                                     │
│                                                │
│                                                │
│                                                │
│                                                │
│                                                │
│                                                │
│                                                │
╰────────────────────────────────────────────────╯

╭─ Pod web-6f7d9b-x4k2m ─────────────────────────╮
│                                                │
│ connection refused: dial tcp 10.0.0.1:443      │
│                                                │
│                                                │
│                                                │
│                                                │
│                                                │
│                                                │
│                                                │
╰────────────────────────────────────────────────╯