  argo.example.com                                                                   Argonaut dev   
 ╭──────────────────────────────────────────────╮╭─ Pod web-6f7d9b-x4k2m ────────── ▲ more above ─╮ 
 │ Application [demo-app] (Degraded, Synced)    ││                                                │ 
 │ ├── Deployment [demo/web] (Degraded)         ││               [web]                            │ 
 │ │   └── Pod [demo/web-6f7d9b-x4k2m] (Degrad… ││ Last sync     SyncFailed                       │ 
 │ └── Service [demo/web] (Healthy)             ││   pod spec invalid                             │ 
 │                                              ││                                                │ 
 │                                              ││ EVENTS                                         │ 
 │                                              ││ BackOff                          x412 · 2m ago │ 
 │                                              ││   Back-off restarting failed container web in  │ 
 │                                              ││                                                │ 
 ╰──────────────────────────────────────────────╯╰─ ⟳ updated 12s ago ───────────── ▼ more below ─╯ 
 <tree>                                                          ⇧↑/⇧↓: scroll events • Ready • 1/4 