  argo.example.com                                                                   Argonaut dev   
 ╭──────────────────────────────────────────────╮╭─ Events · Pod web-6f7d9b-x4k2m ─ ▲ more above ─╮ 
 │ Application [demo-app] (Degraded, Synced)    ││                                                │ 
 │ ├── Deployment [demo/web] (Degraded)         ││ Pulled                           x413 · 2m ago │ 
 │ │   └── Pod [demo/web-6f7d9b-x4k2m] (Degrad… ││   Container image "web:1.4.2" already present  │ 
 │ └── Service [demo/web] (Healthy)             ││   on machine                                   │ 
 │                                              ││                                                │ 
 │                                              ││ Unhealthy                         x38 · 5m ago │ 
 │                                              ││   Readiness probe failed: Get "http://10.0.3.1 │ 
 │                                              ││   2:8080/healthz": connection refused          │ 
 │                                              ││                                                │ 
 ╰──────────────────────────────────────────────╯╰───────────────────────────────── ▼ more below ─╯ 
 <events>                                                    j/k: select • J/K: scroll • esc: close 