╭─ Pod web-6f7d9b-x4k2m ───────────────── ⟳ 10s ─╮
│                                                │
│ EVENTS                                         │
│ Loading events…                                │
│                                                │
│                                                │
│                                                │
│                                                │
│                                                │
│                                                │
╰────────────────────────────────────────────────╯

╭─ Pod web-6f7d9b-x4k2m ───────────────── ⟳ 10s ─╮
│                                                │
│ EVENTS                                         │
│ No events.                                     │
│                                                │
│                                                │
│                                                │
│                                                │
│                                                │
│                                                │
╰────────────────────────────────────────────────╯

╭─ Pod web-6f7d9b-x4k2m ───────────────── ⟳ 10s ─╮
│                                                │
│ EVENTS                                         │
│ connection refused: dial tcp 10.0.0.1:443      │
│                                                │
│                                                │
│                                                │
│                                                │
│                                                │
│                                                │
╰────────────────────────────────────────────────╯