  argo.example.com                                                                   Argonaut dev   
 ╭─ Deployment history demo-app ──────────────────────────────────────────────────────────────────╮ 
 │ Loading deployment history…                                                                    │ 
 │                                                                                                │ 
 │                                                                                                │ 
 │                                                                                                │ 
 ╰────────────────────────────────────────────────────────────────────────────────────────────────╯ 
 ╭─ Deployment ───────────────────────────────────────────────────────────────────────────────────╮ 
 │                                                                                                │ 
 │ Nothing to show.                                                                               │ 
 │                                                                                                │ 
 │                                                                                                │ 
 │                                                                                                │ 
 │                                                                                                │ 
 ╰────────────────────────────────────────────────────────────────────────────────────────────────╯ 
 <apps>                            enter: select • d: diff • u/i: scroll • esc: close • Ready • 2/4 

  argo.example.com                                                                   Argonaut dev   
 ╭─ Deployment history demo-app ──────────────────────────────────────────────────────────────────╮ 
 │ connection refused                                                                             │ 
 │                                                                                                │ 
 │                                                                                                │ 
 │                                                                                                │ 
 ╰────────────────────────────────────────────────────────────────────────────────────────────────╯ 
 ╭─ Deployment ───────────────────────────────────────────────────────────────────────────────────╮ 
 │                                                                                                │ 
 │ Nothing to show.                                                                               │ 
 │                                                                                                │ 
 │                                                                                                │ 
 │                                                                                                │ 
 │                                                                                                │ 
 ╰────────────────────────────────────────────────────────────────────────────────────────────────╯ 
 <apps>                            enter: select • d: diff • u/i: scroll • esc: close • Ready • 2/4 

  argo.example.com                                                                   Argonaut dev   
 ╭─ Deployment history demo-app ──────────────────────────────────────────────────────────────────╮ 
 │ No deployment history.                                                                         │ 
 ╰────────────────────────────────────────────────────────────────────────────────────────────────╯ 
 ╭─ Deployment ───────────────────────────────────────────────────────────────────────────────────╮ 
 │                                                                                                │ 
 │ Nothing to show.                                                                               │ 
 │                                                                                                │ 
 │                                                                                                │ 
 │                                                                                                │ 
 │                                                                                                │ 
 │                                                                                                │ 
 │                                                                                                │ 
 │                                                                                                │ 
 ╰────────────────────────────────────────────────────────────────────────────────────────────────╯ 
 <apps>                            enter: select • d: diff • u/i: scroll • esc: close • Ready • 0/0 

  argo.example.com                                                                   Argonaut dev   
 ╭─ Deployment history demo-app ──────────────────────────────────────────────────────────────────╮ 
 │ #30  a1b2c3d4 fix: suggest and validate :events arguments  1h ago   by jane.doe   current      │ 
 │ #29  11223344 fix: suggest and validate :events arguments  21h ago  by automated               │ 
 │ #28  deadbeef                                              3d ago   by automated               │ 
 │ #27  55667788                                              3d ago   by bob.smith               │ 
 ╰────────────────────────────────────────────────────────────────────────────────────────────────╯ 
 ╭─ #28 deadbeef ─────────────────────────────────────────────────────────────── deployed 3d ago ─╮ 
 │                                                                                                │ 
 │ DEPLOYMENT                                                                                     │ 
 │ Deployed       3d ago · 2026-08-05 09:02                                                       │ 
 │ Initiated by   automated sync policy                                                           │ 
 │ Active for     53h0m                                                                           │ 
 │                                                                                                │ 
 ╰───────────────────────────────────────────────────────────────────────────────── ▼ more below ─╯ 
 <apps>                            enter: select • d: diff • u/i: scroll • esc: close • Ready • 3/4 

  argo.example.com                                                                   Argonaut dev   
 ╭─ Deployment history demo-app ──────────────────────────────────────────────────────────────────╮ 
 │ #30  a1b2c3d4 fix: suggest and validate :events arguments  1h ago   by jane.doe   current      │ 
 │ #29  11223344 fix: suggest and validate :events arguments  21h ago  by automated               │ 
 │ #28  deadbeef                                              3d ago   by automated               │ 
 │ #27  55667788                                              3d ago   by bob.smith               │ 
 ╰────────────────────────────────────────────────────────────────────────────────────────────────╯ 
 ╭─ #27 55667788 ─────────────────────────────────────────────────────────────── deployed 3d ago ─╮ 
 │                                                                                                │ 
 │ DEPLOYMENT                                                                                     │ 
 │ Deployed       3d ago · 2026-08-04 16:02                                                       │ 
 │ Initiated by   bob.smith                                                                       │ 
 │ Active for     17h0m                                                                           │ 
 │                                                                                                │ 
 ╰───────────────────────────────────────────────────────────────────────────────── ▼ more below ─╯ 
 <apps>                            enter: select • d: diff • u/i: scroll • esc: close • Ready • 4/4 