╭────────────────────────────────────────────────────────────────────────────────────────────────╮
│ Application [demo-app] (Degraded, Synced)                                                      │
│ last sync: ✖ Failed · 2m ago · a1b2c3d4 · by alice                                             │
│ ├── Deployment [demo/web] (Degraded)                                                           │
│ │   └── Pod [demo/web-6f7d9b-x4k2m] (Degraded)                                                 │
│ └── Service [demo/web] (Healthy)                                                               │
│                                                                                                │
│ Application [other-app] (Healthy, Synced)                                                      │
│ last sync: ◌ Running · 30s ago · auto                                                          │
│ └── Service [api]                                                                              │
│                                                                                                │
│                                                                                                │
│                                                                                                │
│                                                                                                │
╰────────────────────────────────────────────────────────────────────────────────────────────────╯