[95m╭────────────────────────────────────────────────────────────────────────────────────────────────╮[m
[95m│[m [38;5;255;48;5;240m[97;105m▾ [m[97;105mApplication[m [90;105m[demo-app][m [92;105m(Healthy)[m[m                                                             [95m│[m
[95m│[m [97m├── [m[97mDeployment[m [90m[ns-a/web][m [92m(Healthy)[m                                                            [95m│[m
[95m│[m [97m└── [m[97mService[m [90m[ns-a/web][m [92m(Healthy)[m                                                               [95m│[m
[95m│[m                                                                                                [95m│[m
[95m│[m                                                                                                [95m│[m
[95m│[m                                                                                                [95m│[m
[95m│[m                                                                                                [95m│[m
[95m│[m                                                                                                [95m│[m
[95m│[m                                                                                                [95m│[m
[95m│[m                                                                                                [95m│[m
[95m│[m                                                                                                [95m│[m
[95m╰────────────────────────────────────────────────────────────────────────────────────────────────╯[m